Running suite scommand
test_scommand.c:20:P:Precondition:test_destroy_null:0: Passed
test_scommand.c:23:P:Precondition:test_push_back_null:0: Passed
test_scommand.c:26:P:Precondition:test_push_back_argument_null:0: Passed
test_scommand.c:34:P:Precondition:test_pop_front_null:0: Passed
test_scommand.c:37:P:Precondition:test_pop_front_empty:0: Passed
test_scommand.c:45:P:Precondition:test_set_redir_in_null:0: Passed
test_scommand.c:50:P:Precondition:test_set_redir_out_null:0: Passed
test_scommand.c:55:P:Precondition:test_is_empty_null:0: Passed
test_scommand.c:58:P:Precondition:test_length_null:0: Passed
test_scommand.c:61:P:Precondition:test_front_null:0: Passed
test_scommand.c:64:P:Precondition:test_front_empty:0: Passed
test_scommand.c:72:P:Precondition:test_get_redir_in_null:0: Passed
test_scommand.c:75:P:Precondition:test_get_redir_out_null:0: Passed
test_scommand.c:78:P:Precondition:test_to_string_null:0: Passed
test_scommand.c:82:P:Creation:test_new_destroy:0: Passed
test_scommand.c:94:P:Creation:test_new_is_empty:0: Passed
test_scommand.c:122:P:Functionality:test_adding_emptying:0: Passed
test_scommand.c:137:P:Functionality:test_adding_emptying_length:0: Passed
test_scommand.c:170:P:Functionality:test_fifo:0: Passed
test_scommand.c:183:P:Functionality:test_front_idempotent:0: Passed
test_scommand.c:191:P:Functionality:test_front_is_back:0: Passed
test_scommand.c:199:P:Functionality:test_front_is_not_back:0: Passed
test_scommand.c:213:P:Functionality:test_redir:0: Passed
test_scommand.c:243:P:Functionality:test_independent_redirs:0: Passed
test_scommand.c:251:P:Functionality:test_to_string_empty:0: Passed
test_scommand.c:288:P:Functionality:test_to_string:0: Passed
Running suite pipeline
test_pipeline.c:16:P:Precondition:test_destroy_null:0: Passed
test_pipeline.c:23:P:Precondition:test_push_back_null:0: Passed
test_pipeline.c:31:P:Precondition:test_push_back_scmd_null:0: Passed
test_pipeline.c:39:P:Precondition:test_pop_front_null:0: Passed
test_pipeline.c:45:P:Precondition:test_pop_front_empty:0: Passed
test_pipeline.c:53:P:Precondition:test_set_wait_null:0: Passed
test_pipeline.c:59:P:Precondition:test_is_empty_null:0: Passed
test_pipeline.c:65:P:Precondition:test_length_null:0: Passed
test_pipeline.c:71:P:Precondition:test_front_null:0: Passed
test_pipeline.c:77:P:Precondition:test_front_empty:0: Passed
test_pipeline.c:85:P:Precondition:test_get_wait_null:0: Passed
test_pipeline.c:91:P:Precondition:test_to_string_null:0: Passed
test_pipeline.c:99:P:Creation:test_new_destroy:0: Passed
test_pipeline.c:133:P:Functionality:test_adding_emptying:0: Passed
test_pipeline.c:150:P:Functionality:test_adding_emptying_length:0: Passed
test_pipeline.c:169:P:Functionality:test_fifo:0: Passed
test_pipeline.c:182:P:Functionality:test_front_idempotent:0: Passed
test_pipeline.c:192:P:Functionality:test_front_is_back:0: Passed
test_pipeline.c:203:P:Functionality:test_front_is_not_back:0: Passed
test_pipeline.c:212:P:Functionality:test_wait:0: Passed
test_pipeline.c:221:P:Functionality:test_to_string_empty:0: Passed
test_pipeline.c:248:F:Functionality:test_to_string:0: Assertion 'n < 2 || strchr(strrchr(str, '|'), '&') != NULL' failed
Results for all suites run:
97%: Checks: 48, Failures: 1, Errors: 0
